[Info] Using NUM_DRIVES=4
FUSE library version: 3.10.5
unique: 2, opcode: INIT (26), nodeid: 0, insize: 56, pid: 0
INIT: 7.34
flags=0x33fffffb
max_readahead=0x00020000
   INIT: 7.31
   flags=0x00409029
   max_readahead=0x00020000
   max_write=0x00100000
   max_background=0
   congestion_threshold=0
   time_gran=1
   unique: 2, success, outsize: 80
unique: 4, opcode: GETATTR (3), nodeid: 1, insize: 56, pid: 267252
   unique: 4, success, outsize: 120
unique: 6, opcode: ACCESS (34), nodeid: 1, insize: 48, pid: 267253
   unique: 6, success, outsize: 16
unique: 8, opcode: LOOKUP (1), nodeid: 1, insize: 49, pid: 267253
   unique: 8, error: -2 (No such file or directory), outsize: 16
unique: 10, opcode: MKDIR (9), nodeid: 1, insize: 57, pid: 267253
   unique: 10, success, outsize: 144
unique: 12, opcode: LOOKUP (1), nodeid: 2, insize: 54, pid: 267182
   unique: 12, error: -2 (No such file or directory), outsize: 16
unique: 14, opcode: CREATE (35), nodeid: 2, insize: 70, pid: 267182
   unique: 14, success, outsize: 160
unique: 16, opcode: FLUSH (25), nodeid: 3, insize: 64, pid: 267182
   unique: 16, success, outsize: 16
unique: 18, opcode: GETXATTR (22), nodeid: 3, insize: 68, pid: 267182
   unique: 18, error: -38 (Function not implemented), outsize: 16
unique: 20, opcode: WRITE (16), nodeid: 3, insize: 93, pid: 267182
   unique: 20, success, outsize: 24
unique: 22, opcode: FLUSH (25), nodeid: 3, insize: 64, pid: 267182
   unique: 22, success, outsize: 16
unique: 24, opcode: RELEASE (18), nodeid: 3, insize: 64, pid: 0
   unique: 24, success, outsize: 16
unique: 26, opcode: OPEN (14), nodeid: 3, insize: 48, pid: 267254
   unique: 26, success, outsize: 32
unique: 28, opcode: GETATTR (3), nodeid: 3, insize: 56, pid: 267254
   unique: 28, success, outsize: 120
unique: 30, opcode: READ (15), nodeid: 3, insize: 80, pid: 267254
   unique: 30, success, outsize: 29
unique: 32, opcode: FLUSH (25), nodeid: 3, insize: 64, pid: 267254
   unique: 32, success, outsize: 16
unique: 34, opcode: RELEASE (18), nodeid: 3, insize: 64, pid: 0
   unique: 34, success, outsize: 16
unique: 36, opcode: OPEN (14), nodeid: 3, insize: 48, pid: 267182
   unique: 36, success, outsize: 32
unique: 38, opcode: FLUSH (25), nodeid: 3, insize: 64, pid: 267182
   unique: 38, success, outsize: 16
unique: 40, opcode: WRITE (16), nodeid: 3, insize: 101, pid: 267182
   unique: 40, success, outsize: 24
unique: 42, opcode: FLUSH (25), nodeid: 3, insize: 64, pid: 267182
   unique: 42, success, outsize: 16
unique: 44, opcode: RELEASE (18), nodeid: 3, insize: 64, pid: 0
   unique: 44, success, outsize: 16
unique: 46, opcode: OPEN (14), nodeid: 3, insize: 48, pid: 267255
   unique: 46, success, outsize: 32
unique: 48, opcode: GETATTR (3), nodeid: 3, insize: 56, pid: 267255
   unique: 48, success, outsize: 120
unique: 50, opcode: READ (15), nodeid: 3, insize: 80, pid: 267255
   unique: 50, success, outsize: 50
unique: 52, opcode: FLUSH (25), nodeid: 3, insize: 64, pid: 267255
   unique: 52, success, outsize: 16
unique: 54, opcode: RELEASE (18), nodeid: 3, insize: 64, pid: 0
   unique: 54, success, outsize: 16
unique: 56, opcode: GETATTR (3), nodeid: 3, insize: 56, pid: 267256
   unique: 56, success, outsize: 120
unique: 58, opcode: UNLINK (10), nodeid: 2, insize: 54, pid: 267256
   unique: 58, success, outsize: 16
unique: 60, opcode: FORGET (2), nodeid: 3, insize: 48, pid: 0
unique: 62, opcode: RMDIR (11), nodeid: 1, insize: 49, pid: 267257
   unique: 62, success, outsize: 16
unique: 64, opcode: FORGET (2), nodeid: 2, insize: 48, pid: 0
[Info] Low-level FUSE FS started.
[Info] FUSE init callback
[Info] Exiting.
